jaldsflkdsafjlkdsaj, flkdsajlkfdsajlkfjl, kdsajf;lkdsajf;ldsa, jflkjdsalkjkdsfjkks, djdsjjheroihewoiufb, kjdnvijerwnckdmscjb, gijenfkjvbdkjvfbkdf, jblkvjsbfjvfdbkjhvb, sgnbsdhfjbhfdsjvbjf, dsbvhjfdsbhvfdj bvh, jsb|
