[0, 51, 2, 3768, 3455, 44, 21, 12, 34, 13, 41, 78, 236]
