Hell, no!!!
a: 42, c: 10, d: lsfdj, e: 123, k: 11, l: None, z: 2
Hell, no!!!
a: 42, c: 10, d: lsfdj, e: 123, k: 11, l: None, z: 2
