1_0.2
3_0.2
6_0.2
8_0.2
11_0.2
13_0.2
16_0.2
18_0.2
21_0.2
23_0.2
26_0.2
28_0.2
31_0.2
33_0.2
36_0.2
