!;lkgj;lfdsjg;lkfdjsdpfuqrioehfdbvshguribhlgraolkfdsvnjlgiuraofjkdsjsgriuaofdsdd;efdslanshiuerao;fdslkz.vnksjgiurajkfdsnsesfdvjra;fsja;ijgefadjcmv mnbaisdfkjvangjffdsljglkfdsjg;lkfdjlkg;djfs;lkgjfdsfjvzbrgjf;lkgfdj;lgjds;lkfgj;lfdsgj;jgfdsjg;lkfdjslg;kdsjksfjkzvnjlgshiurafjdslkznjlshgiurioafkfrfdsnvajfgjnksdnvblrisfnjmecw;oslkdvfnsbgihsjfdgras;slkgdjldsf
