7.38905609893065
-0.9613974918795568
2.0
162754.79141900392
hello 48 hello
