Invalid input
Not a triangle
Invalid input
Invalid input
69.16
