Not a triangle
Invalid input
Not a triangle
Invalid input
15.2
