f=grange(32, 3, 8575), g=grange(11, 5, 1042856), h=grange(103, 11, 104577)
[](True), [100](False)
len(f)=6, len(g)=8, len(h)=3
len(list(f))=6, len(list(g))=8, len(list(h))=3
f[2]=288, h[33]=2392190905248444238523182083019840493
a=grange(3, 3, 3276), a[12]=1594323
b=grange(3, 161051, 3267), b[4]=2018249984797680027603, list(b)=[3]
