I was born!
I was born!
I was born!
3
I died!
2
I died!
I died!
