51,62,70,52,85
101,89,101,95,74
58,58,70,61,61
51,62,70,52,85
143,132,151,157,111
