foo: (), {}
Hello, world! 345
print_digits: (12, 14, 56, 34, 23), {'beta': 34754385}
12, 14, 56, 34, 23, 0, 34754385
