__init__: (3,), {}
__call__: (9, 13, 44), {}
27 39 132
__call__: (9,), {'a': 1, 'b': 2, 'c': 134}
27 3 6 402
