#########
#.......#
#.......#
#.......#
#.......#
#.......#
#.......#
#########
.................... 42/42
                      0/42
