##########
#........#
#........#
#........#
#~~~~~~~~#
#~~~~~~~~#
#~~~~~~~~#
##########
.................... 30/48
~~~~~~~~~~~~         18/48
